// Jest Snapshot v1, https://goo.gl/fbAQLP

exports[`renders correctly 1`] = `
<View
  accessible={true}
  focusable={false}
  onClick={[Function]}
  onResponderGrant={[Function]}
  onResponderMove={[Function]}
  onResponderRelease={[Function]}
  onResponderTerminate={[Function]}
  onResponderTerminationRequest={[Function]}
  onStartShouldSetResponder={[Function]}
  style={
    Object {
      "backgroundColor": "#e62429",
      "borderColor": "transparent",
      "borderWidth": 1,
      "opacity": 1,
      "paddingBottom": 10,
      "paddingLeft": 10,
      "paddingRight": 10,
      "paddingTop": 10,
      "width": "100%",
    }
  }
>
  <Text
    style={
      Array [
        Object {
          "color": "#ffffff",
          "fontFamily": "RobotoCondensed-Bold",
          "fontSize": 14,
          "textAlign": "center",
        },
      ]
    }
  />
</View>
`;
